CCS PCH C Compiler, Version 5.007, 61971               18-Mar-24 15:51

               Filename:   C:\Kodlar\Micro-Processors\Display\main.lst

               ROM used:   172 bytes (1%)
                           Largest free fragment is 32596
               RAM used:   5 (0%) at main() level
                           16 (1%) worst case
               Stack used: 0 locations
               Stack size: 31

*
0000:  GOTO   002C
.................... #include <main.h> 
.................... #include <18F452.h> 
.................... //////// Standard Header file for the PIC18F452 device //////////////// 
.................... #device PIC18F452 
....................  
.................... #list 
....................  
.................... #device ADC=16 
....................  
.................... #FUSES NOWDT                 	//No Watch Dog Timer 
.................... #FUSES WDT128                	//Watch Dog Timer uses 1:128 Postscale 
.................... #FUSES NOBROWNOUT            	//No brownout reset 
.................... #FUSES NOLVP                 	//No low voltage prgming, B3(PIC16) or B5(PIC18) used for I/O 
....................  
.................... #use delay(crystal=4MHz) 
0004:  CLRF   FEA
0006:  MOVLW  10
0008:  MOVWF  FE9
000A:  MOVF   FEF,W
000C:  BZ    002A
000E:  MOVLW  01
0010:  MOVWF  01
0012:  CLRF   00
0014:  DECFSZ 00,F
0016:  BRA    0014
0018:  DECFSZ 01,F
001A:  BRA    0012
001C:  MOVLW  4A
001E:  MOVWF  00
0020:  DECFSZ 00,F
0022:  BRA    0020
0024:  BRA    0026
0026:  DECFSZ FEF,F
0028:  BRA    000E
002A:  RETURN 0
.................... #use FIXED_IO( B_outputs=PIN_B5 ) 
.................... #use FIXED_IO( C_outputs=PIN_C7,PIN_C6,PIN_C5,PIN_C4,PIN_C3,PIN_C2,PIN_C1,PIN_C0 ) 
....................  
....................  
....................  
.................... void main() 
002C:  CLRF   FF8
002E:  BCF    FD0.7
0030:  BSF    FC1.0
0032:  BSF    FC1.1
0034:  BSF    FC1.2
0036:  BCF    FC1.3
.................... { 
....................    set_tris_a(0xff); 
0038:  MOVLW  FF
003A:  MOVWF  F92
....................    set_tris_b(0xff); 
003C:  MOVWF  F93
....................    set_tris_c(0x00); 
003E:  MOVLW  00
0040:  MOVWF  F94
....................     
....................    int sayilar[10]={0b00111111,0b00000110,0b01011011,0b01001111,0b01100110,0b01101101,0b01111101,0b00000111,0b01111111,0b01101111}; 
0042:  MOVLW  3F
0044:  MOVWF  05
0046:  MOVLW  06
0048:  MOVWF  06
004A:  MOVLW  5B
004C:  MOVWF  07
004E:  MOVLW  4F
0050:  MOVWF  08
0052:  MOVLW  66
0054:  MOVWF  09
0056:  MOVLW  6D
0058:  MOVWF  0A
005A:  MOVLW  7D
005C:  MOVWF  0B
005E:  MOVLW  07
0060:  MOVWF  0C
0062:  MOVLW  7F
0064:  MOVWF  0D
0066:  MOVLW  6F
0068:  MOVWF  0E
....................    int i=0; 
006A:  CLRF   0F
....................    while(TRUE) 
....................    { 
....................       if(i==10){ 
006C:  MOVF   0F,W
006E:  SUBLW  0A
0070:  BNZ   0074
....................          break; 
0072:  BRA    00AA
....................       } 
....................       if(i<0){ 
....................          break; 
....................       } 
....................        
....................       output_c(sayilar[i]); 
0074:  CLRF   03
0076:  MOVF   0F,W
0078:  ADDLW  05
007A:  MOVWF  FE9
007C:  MOVLW  00
007E:  ADDWFC 03,W
0080:  MOVWF  FEA
0082:  MOVFF  FEF,10
0086:  CLRF   F94
0088:  MOVFF  10,F8B
....................       if(input(pin_A0)){ 
008C:  BSF    F92.0
008E:  BTFSS  F80.0
0090:  BRA    009A
....................          i++; 
0092:  INCF   0F,F
....................          delay_ms(100); 
0094:  MOVLW  64
0096:  MOVWF  10
0098:  RCALL  0004
....................       } 
....................       if(input(pin_A1)){ 
009A:  BSF    F92.1
009C:  BTFSS  F80.1
009E:  BRA    00A8
....................          i--; 
00A0:  DECF   0F,F
....................          delay_ms(100); 
00A2:  MOVLW  64
00A4:  MOVWF  10
00A6:  RCALL  0004
....................       } 
00A8:  BRA    006C
....................        
....................        
....................    } 
....................  
.................... } 
00AA:  SLEEP 

Configuration Fuses:
   Word  1: 2100   XT NOOSCSEN
   Word  2: 0E0C   PUT NOBROWNOUT BORV20 NOWDT WDT128
   Word  3: 0100   CCP2C1
   Word  4: 0081   STVREN NOLVP NODEBUG
   Word  5: C00F   NOPROTECT NOCPB NOCPD
   Word  6: E00F   NOWRT NOWRTC NOWRTB NOWRTD
   Word  7: 400F   NOEBTR NOEBTRB
