CCS PCM C Compiler, Version 5.007, 61971               12-Mar-24 14:27

               Filename:   C:\Kodlar\mikroDers\trafik\main.lst

               ROM used:   182 words (18%)
                           Largest free fragment is 842
               RAM used:   6 (9%) at main() level
                           7 (10%) worst case
               Stack used: 0 locations
               Stack size: 8

*
0000:  MOVLW  00
0001:  MOVWF  0A
0002:  GOTO   018
0003:  NOP
.................... #include <main.h> 
.................... #include <16F84A.h> 
.................... //////// Standard Header file for the PIC16F84A device //////////////// 
.................... #device PIC16F84A 
....................  
.................... #list 
....................  
....................  
.................... #FUSES NOWDT                    //No Watch Dog Timer 
....................  
.................... #use delay(crystal=4000000) 
0004:  MOVLW  12
0005:  MOVWF  04
0006:  MOVF   00,W
0007:  BTFSC  03.2
0008:  GOTO   017
0009:  MOVLW  01
000A:  MOVWF  0D
000B:  CLRF   0C
000C:  DECFSZ 0C,F
000D:  GOTO   00C
000E:  DECFSZ 0D,F
000F:  GOTO   00B
0010:  MOVLW  4A
0011:  MOVWF  0C
0012:  DECFSZ 0C,F
0013:  GOTO   012
0014:  GOTO   015
0015:  DECFSZ 00,F
0016:  GOTO   009
0017:  RETURN
....................  
....................  
.................... int i; 
.................... void main() 
0018:  MOVLW  1F
0019:  ANDWF  03,F
.................... { 
....................    set_tris_b(0x00); 
001A:  MOVLW  00
001B:  BSF    03.5
001C:  MOVWF  06
....................    output_b(0x00); 
001D:  CLRF   06
001E:  BCF    03.5
001F:  CLRF   06
.................... while(1) 
.................... { 
....................    // Yatay k?rm?z? dikey ye?il 
....................    output_b(0b00100001); // YKB0 ve DYB5 
0020:  BSF    03.5
0021:  CLRF   06
0022:  MOVLW  21
0023:  BCF    03.5
0024:  MOVWF  06
....................    delay_ms(5000);       // 5s bekle 
0025:  MOVLW  14
0026:  MOVWF  11
0027:  MOVLW  FA
0028:  MOVWF  12
0029:  CALL   004
002A:  DECFSZ 11,F
002B:  GOTO   027
....................    for(i=1;i<=3;i++) 
002C:  MOVLW  01
002D:  MOVWF  10
002E:  MOVF   10,W
002F:  SUBLW  03
0030:  BTFSS  03.0
0031:  GOTO   04C
....................    { 
....................       output_b(0b00010001); // YKB0 ve DYB4 
0032:  BSF    03.5
0033:  CLRF   06
0034:  MOVLW  11
0035:  BCF    03.5
0036:  MOVWF  06
....................       delay_ms(1000); 
0037:  MOVLW  04
0038:  MOVWF  11
0039:  MOVLW  FA
003A:  MOVWF  12
003B:  CALL   004
003C:  DECFSZ 11,F
003D:  GOTO   039
....................       output_b(0b00000001); // YKB0 ve DYB4 
003E:  BSF    03.5
003F:  CLRF   06
0040:  MOVLW  01
0041:  BCF    03.5
0042:  MOVWF  06
....................       delay_ms(1000); 
0043:  MOVLW  04
0044:  MOVWF  11
0045:  MOVLW  FA
0046:  MOVWF  12
0047:  CALL   004
0048:  DECFSZ 11,F
0049:  GOTO   045
004A:  INCF   10,F
004B:  GOTO   02E
....................    } 
....................    output_b(0b00001001); // YKB0 ve DYB4 
004C:  BSF    03.5
004D:  CLRF   06
004E:  MOVLW  09
004F:  BCF    03.5
0050:  MOVWF  06
....................    delay_ms(1000); 
0051:  MOVLW  04
0052:  MOVWF  11
0053:  MOVLW  FA
0054:  MOVWF  12
0055:  CALL   004
0056:  DECFSZ 11,F
0057:  GOTO   053
....................    output_b(0b00001010); // YKB0 ve DYB4 
0058:  BSF    03.5
0059:  CLRF   06
005A:  MOVLW  0A
005B:  BCF    03.5
005C:  MOVWF  06
....................    delay_ms(1000); 
005D:  MOVLW  04
005E:  MOVWF  11
005F:  MOVLW  FA
0060:  MOVWF  12
0061:  CALL   004
0062:  DECFSZ 11,F
0063:  GOTO   05F
....................    output_b(0b00001100); // YKB0 ve DYB4 
0064:  BSF    03.5
0065:  CLRF   06
0066:  MOVLW  0C
0067:  BCF    03.5
0068:  MOVWF  06
....................    delay_ms(5000); 
0069:  MOVLW  14
006A:  MOVWF  11
006B:  MOVLW  FA
006C:  MOVWF  12
006D:  CALL   004
006E:  DECFSZ 11,F
006F:  GOTO   06B
....................     
....................      for(i=1;i<=3;i++) 
0070:  MOVLW  01
0071:  MOVWF  10
0072:  MOVF   10,W
0073:  SUBLW  03
0074:  BTFSS  03.0
0075:  GOTO   090
....................    { 
....................       output_b(0b00001010); // YKB0 ve DYB4 
0076:  BSF    03.5
0077:  CLRF   06
0078:  MOVLW  0A
0079:  BCF    03.5
007A:  MOVWF  06
....................       delay_ms(1000); 
007B:  MOVLW  04
007C:  MOVWF  11
007D:  MOVLW  FA
007E:  MOVWF  12
007F:  CALL   004
0080:  DECFSZ 11,F
0081:  GOTO   07D
....................       output_b(0b00001000); // YKB0 ve DYB4 
0082:  BSF    03.5
0083:  CLRF   06
0084:  MOVLW  08
0085:  BCF    03.5
0086:  MOVWF  06
....................       delay_ms(1000); 
0087:  MOVLW  04
0088:  MOVWF  11
0089:  MOVLW  FA
008A:  MOVWF  12
008B:  CALL   004
008C:  DECFSZ 11,F
008D:  GOTO   089
008E:  INCF   10,F
008F:  GOTO   072
....................    } 
....................    output_b(0b00001001); // YKB0 ve DYB4 
0090:  BSF    03.5
0091:  CLRF   06
0092:  MOVLW  09
0093:  BCF    03.5
0094:  MOVWF  06
....................    delay_ms(1000); 
0095:  MOVLW  04
0096:  MOVWF  11
0097:  MOVLW  FA
0098:  MOVWF  12
0099:  CALL   004
009A:  DECFSZ 11,F
009B:  GOTO   097
....................    output_b(0b00010001); // YKB0 ve DYB4 
009C:  BSF    03.5
009D:  CLRF   06
009E:  MOVLW  11
009F:  BCF    03.5
00A0:  MOVWF  06
....................    delay_ms(1000); 
00A1:  MOVLW  04
00A2:  MOVWF  11
00A3:  MOVLW  FA
00A4:  MOVWF  12
00A5:  CALL   004
00A6:  DECFSZ 11,F
00A7:  GOTO   0A3
....................    output_b(0b00100001); // YKB0 ve DYB4 
00A8:  BSF    03.5
00A9:  CLRF   06
00AA:  MOVLW  21
00AB:  BCF    03.5
00AC:  MOVWF  06
....................    delay_ms(5000); 
00AD:  MOVLW  14
00AE:  MOVWF  11
00AF:  MOVLW  FA
00B0:  MOVWF  12
00B1:  CALL   004
00B2:  DECFSZ 11,F
00B3:  GOTO   0AF
00B4:  GOTO   020
.................... } 
.................... } 
00B5:  SLEEP

Configuration Fuses:
   Word  1: 3FF1   XT NOWDT PUT NOPROTECT
