CCS PCH C Compiler, Version 5.007, 61971               12-Mar-24 16:00

               Filename:   C:\Kodlar\Micro-Processors\Ders1\main.lst

               ROM used:   108 bytes (0%)
                           Largest free fragment is 32660
               RAM used:   5 (0%) at main() level
                           6 (0%) worst case
               Stack used: 0 locations
               Stack size: 31

*
0000:  GOTO   002E
.................... #include <main.h> 
.................... #include <18F452.h> 
.................... //////// Standard Header file for the PIC18F452 device //////////////// 
.................... #device PIC18F452 
....................  
.................... #list 
....................  
.................... #device ADC=16 
....................  
.................... #FUSES NOWDT                 	//No Watch Dog Timer 
.................... #FUSES WDT128                	//Watch Dog Timer uses 1:128 Postscale 
.................... #FUSES NOBROWNOUT            	//No brownout reset 
.................... #FUSES NOLVP                 	//No low voltage prgming, B3(PIC16) or B5(PIC18) used for I/O 
....................  
.................... #use delay(crystal=4MHz) 
0004:  CLRF   FEA
0006:  MOVLW  06
0008:  MOVWF  FE9
000A:  MOVF   FEF,W
000C:  BZ    002A
000E:  MOVLW  01
0010:  MOVWF  01
0012:  CLRF   00
0014:  DECFSZ 00,F
0016:  BRA    0014
0018:  DECFSZ 01,F
001A:  BRA    0012
001C:  MOVLW  4A
001E:  MOVWF  00
0020:  DECFSZ 00,F
0022:  BRA    0020
0024:  BRA    0026
0026:  DECFSZ FEF,F
0028:  BRA    000E
002A:  GOTO   0054 (RETURN)
.................... #use FIXED_IO( B_outputs=PIN_B7,PIN_B6,PIN_B5,PIN_B4,PIN_B3,PIN_B2,PIN_B1,PIN_B0 ) 
....................  
....................  
....................  
....................  
....................  
....................  
.................... void main() 
002E:  CLRF   FF8
0030:  BCF    FD0.7
0032:  BSF    FC1.0
0034:  BSF    FC1.1
0036:  BSF    FC1.2
0038:  BCF    FC1.3
.................... { 
....................    set_tris_b(0x00); 
003A:  MOVLW  00
003C:  MOVWF  F93
....................    set_tris_a(0xff); 
003E:  MOVLW  FF
0040:  MOVWF  F92
....................    output_b(0x00); 
0042:  CLRF   F93
0044:  CLRF   F8A
....................    int a=0; 
0046:  CLRF   05
....................    while(TRUE) 
....................    { 
....................       if(input(pin_A1)==1){ 
0048:  BSF    F92.1
004A:  BTFSS  F80.1
004C:  BRA    005C
....................       delay_ms(100); 
004E:  MOVLW  64
0050:  MOVWF  06
0052:  BRA    0004
....................          if(input(pin_A1)==0){ 
0054:  BSF    F92.1
0056:  BTFSC  F80.1
0058:  BRA    005C
....................             a++; 
005A:  INCF   05,F
....................          } 
....................       } 
....................       if(a==5){ 
005C:  MOVF   05,W
005E:  SUBLW  05
0060:  BNZ   0068
....................          output_high(pin_B4); 
0062:  MOVLW  00
0064:  MOVWF  F93
0066:  BSF    F8A.4
....................       } 
0068:  BRA    0048
....................    } 
.................... } 
006A:  SLEEP 

Configuration Fuses:
   Word  1: 2100   XT NOOSCSEN
   Word  2: 0E0C   PUT NOBROWNOUT BORV20 NOWDT WDT128
   Word  3: 0100   CCP2C1
   Word  4: 0081   STVREN NOLVP NODEBUG
   Word  5: C00F   NOPROTECT NOCPB NOCPD
   Word  6: E00F   NOWRT NOWRTC NOWRTB NOWRTD
   Word  7: 400F   NOEBTR NOEBTRB
